// Vitest Snapshot v1, https://vitest.dev/guide/snapshot.html

exports[`Title > should match snapshot 1`] = `
<div>
  <h1
    class="text-slate-600 text-2xl font-light"
  >
    Test title
  </h1>
</div>
`;
